\BOOKMARK [1][-]{section*.1}{\376\377\000A\000b\000s\000t\000r\000a\000c\000t}{}% 1
\BOOKMARK [1][-]{section.1}{\376\377\0001\000\040\000I\000n\000t\000r\000o\000d\000u\000c\000t\000i\000o\000n}{}% 2
\BOOKMARK [2][-]{subsection.1.1}{\376\377\0001\000.\0001\000\040\000R\000e\000s\000e\000a\000r\000c\000h\000\040\000Q\000u\000e\000s\000t\000i\000o\000n\000s\000\040\000a\000n\000d\000\040\000C\000o\000n\000t\000r\000i\000b\000u\000t\000i\000o\000n}{section.1}% 3
\BOOKMARK [1][-]{section.2}{\376\377\0002\000\040\000R\000e\000q\000u\000i\000r\000e\000m\000e\000n\000t\000s\000,\000\040\000S\000t\000a\000k\000e\000h\000o\000l\000d\000e\000r\000s\000\040\000a\000n\000d\000\040\000P\000r\000o\000b\000l\000e\000m\000\040\000S\000p\000a\000c\000e}{}% 4
\BOOKMARK [1][-]{section.3}{\376\377\0003\000\040\000E\000x\000p\000e\000r\000i\000e\000m\000n\000t\000a\000l\000\040\000S\000e\000t\000u\000p}{}% 5
\BOOKMARK [2][-]{subsection.3.1}{\376\377\0003\000.\0001\000\040\000P\000a\000r\000t\000i\000c\000i\000p\000a\000n\000t\000s\000\040\000a\000n\000d\000\040\000D\000a\000t\000a\000\040\000G\000a\000t\000h\000e\000r\000i\000n\000g}{section.3}% 6
\BOOKMARK [2][-]{subsection.3.2}{\376\377\0003\000.\0002\000\040\000P\000r\000o\000c\000e\000d\000u\000r\000e\000s\000\040\000a\000n\000d\000\040\000D\000a\000t\000a\000\040\000M\000a\000n\000a\000g\000e\000m\000e\000n\000t}{section.3}% 7
\BOOKMARK [2][-]{subsection.3.3}{\376\377\0003\000.\0003\000\040\000R\000o\000v\000e\000r\000L\000e\000n\000s\000\040\000S\000i\000m\000u\000l\000a\000t\000o\000r\000\040\000a\000n\000d\000\040\000S\000u\000r\000v\000e\000y}{section.3}% 8
\BOOKMARK [1][-]{section.4}{\376\377\0004\000\040\000D\000a\000t\000a\000\040\000A\000n\000a\000l\000y\000s\000i\000s}{}% 9
\BOOKMARK [2][-]{subsection.4.1}{\376\377\0004\000.\0001\000\040\000D\000a\000t\000a\000\040\000P\000r\000e\000s\000e\000n\000t\000a\000t\000i\000o\000n\000\040\000a\000n\000d\000\040\000R\000e\000s\000p\000o\000n\000s\000e}{section.4}% 10
\BOOKMARK [1][-]{section.5}{\376\377\0005\000\040\000M\000e\000t\000h\000o\000d}{}% 11
\BOOKMARK [1][-]{section.6}{\376\377\0006\000\040\000W\000r\000o\000n\000g\000\040\000M\000e\000n\000t\000a\000l\000\040\000M\000o\000d\000e\000l\000\040\000T\000a\000x\000o\000n\000o\000m\000y}{}% 12
\BOOKMARK [2][-]{subsection.6.1}{\376\377\0006\000.\0001\000\040\000S\000a\000m\000p\000l\000e\000\040\000I\000l\000l\000u\000s\000t\000r\000a\000t\000i\000o\000n}{section.6}% 13
\BOOKMARK [2][-]{subsection.6.2}{\376\377\0006\000.\0002\000\040\000W\000r\000o\000n\000g\000\040\000M\000e\000n\000t\000a\000l\000\040\000M\000o\000d\000e\000l\000\040\000C\000a\000t\000e\000g\000o\000r\000i\000e\000s}{section.6}% 14
\BOOKMARK [1][-]{section.7}{\376\377\0007\000\040\000E\000v\000a\000l\000u\000a\000t\000i\000o\000n}{}% 15
\BOOKMARK [1][-]{section.8}{\376\377\0008\000\040\000C\000o\000n\000c\000l\000u\000s\000i\000o\000n}{}% 16
\BOOKMARK [2][-]{subsection.8.1}{\376\377\0008\000.\0001\000\040\000L\000i\000m\000i\000t\000a\000t\000i\000o\000n\000s}{section.8}% 17
\BOOKMARK [2][-]{subsection.8.2}{\376\377\0008\000.\0002\000\040\000F\000u\000t\000u\000r\000e\000\040\000W\000o\000r\000k}{section.8}% 18
\BOOKMARK [1][-]{section*.35}{\376\377\000R\000e\000f\000e\000r\000e\000n\000c\000e\000s}{}% 19
\BOOKMARK [1][-]{appendix.A}{\376\377\000A\000\040\000S\000u\000r\000v\000e\000y\000\040\000q\000u\000e\000s\000t\000i\000o\000n\000n\000a\000i\000r\000e}{}% 20
\BOOKMARK [2][-]{subsection.A.1}{\376\377\000A\000.\0001\000\040\000P\000a\000r\000t\000\040\0001\000:\000\040\000A\000b\000o\000u\000t\000\040\000y\000o\000u\000\040\000a\000n\000d\000\040\000y\000o\000u\000r\000\040\000s\000e\000s\000s\000i\000o\000n\000\040\000\050\000A\000B\000O\000U\000T\000\051}{appendix.A}% 21
\BOOKMARK [2][-]{subsection.A.2}{\376\377\000A\000.\0002\000\040\000P\000a\000r\000t\000\040\0002\000:\000\040\000A\000\040\000s\000i\000m\000p\000l\000e\000\040\000c\000o\000m\000m\000a\000n\000d\000\040\000\050\0000\0000\000\051}{appendix.A}% 22
\BOOKMARK [2][-]{subsection.A.3}{\376\377\000A\000.\0003\000\040\000P\000a\000r\000t\000\040\0003\000:\000\040\000T\000h\000e\000\040\000r\000o\000v\000e\000r\000\040\000d\000i\000d\000\040\000n\000o\000t\000\040\000m\000o\000v\000e\000\040\000\050\000W\000M\0002\000\051}{appendix.A}% 23
\BOOKMARK [2][-]{subsection.A.4}{\376\377\000A\000.\0004\000\040\000P\000a\000r\000t\000\040\0004\000:\000\040\000F\000i\000n\000d\000\040\000t\000h\000e\000\040\000r\000e\000d\000\040\000b\000a\000l\000l\000\040\000\050\000W\000M\0003\000\051}{appendix.A}% 24
\BOOKMARK [2][-]{subsection.A.5}{\376\377\000A\000.\0005\000\040\000P\000a\000r\000t\000\040\0005\000:\000\040\000`\000`\000D\000o\000\040\000t\000h\000a\000t\000\040\000a\000g\000a\000i\000n\000'\000'\000\040\000\050\000W\000M\0004\000\051}{appendix.A}% 25
\BOOKMARK [2][-]{subsection.A.6}{\376\377\000A\000.\0006\000\040\000P\000a\000r\000t\000\040\0006\000:\000\040\000W\000h\000o\000\040\000d\000o\000e\000s\000\040\000t\000h\000e\000\040\000t\000h\000i\000n\000k\000i\000n\000g\000?\000\040\000\050\000W\000M\0006\000\051}{appendix.A}% 26
\BOOKMARK [2][-]{subsection.A.7}{\376\377\000A\000.\0007\000\040\000P\000a\000r\000t\000\040\0007\000:\000\040\000I\000t\000\040\000u\000s\000e\000d\000\040\000t\000o\000\040\000w\000o\000r\000k\000\040\000\050\000W\000M\0007\000\051}{appendix.A}% 27
\BOOKMARK [2][-]{subsection.A.8}{\376\377\000A\000.\0008\000\040\000P\000a\000r\000t\000\040\0008\000:\000\040\000A\000f\000t\000e\000r\000\040\000t\000h\000e\000\040\000f\000i\000x\000\040\000\050\000L\000E\000A\000R\000N\000\051}{appendix.A}% 28
\BOOKMARK [2][-]{subsection.A.9}{\376\377\000A\000.\0009\000\040\000P\000a\000r\000t\000\040\0009\000:\000\040\000V\000i\000g\000n\000e\000t\000t\000e\000:\000\040\000e\000a\000r\000l\000y\000\040\000s\000u\000c\000c\000e\000s\000s\000\040\000\050\000W\000M\0005\000\051}{appendix.A}% 29
\BOOKMARK [2][-]{subsection.A.10}{\376\377\000A\000.\0001\0000\000\040\000P\000a\000r\000t\000\040\0001\0000\000:\000\040\000V\000i\000g\000n\000e\000t\000t\000e\000:\000\040\000t\000w\000o\000\040\000l\000a\000n\000g\000u\000a\000g\000e\000s\000\040\000\050\000W\000M\0001\000\051}{appendix.A}% 30
\BOOKMARK [2][-]{subsection.A.11}{\376\377\000A\000.\0001\0001\000\040\000P\000a\000r\000t\000\040\0001\0001\000:\000\040\000P\000u\000t\000t\000i\000n\000g\000\040\000i\000t\000\040\000t\000o\000g\000e\000t\000h\000e\000r\000\040\000\050\000O\000V\000E\000R\000A\000L\000L\000\051}{appendix.A}% 31
\BOOKMARK [1][-]{appendix.B}{\376\377\000B\000\040\000A\000n\000s\000w\000e\000r\000\040\000k\000e\000y\000,\000\040\000g\000r\000o\000u\000n\000d\000\040\000t\000r\000u\000t\000h\000,\000\040\000a\000n\000d\000\040\000c\000a\000t\000e\000g\000o\000r\000y\000\040\000t\000a\000g\000s}{}% 32
\BOOKMARK [2][-]{subsection.B.1}{\376\377\000B\000.\0001\000\040\0000\0000\000:\000\040\000A\000\040\000s\000i\000m\000p\000l\000e\000\040\000c\000o\000m\000m\000a\000n\000d}{appendix.B}% 33
\BOOKMARK [2][-]{subsection.B.2}{\376\377\000B\000.\0002\000\040\000W\000M\0002\000:\000\040\000T\000h\000e\000\040\000r\000o\000v\000e\000r\000\040\000d\000i\000d\000\040\000n\000o\000t\000\040\000m\000o\000v\000e}{appendix.B}% 34
\BOOKMARK [2][-]{subsection.B.3}{\376\377\000B\000.\0003\000\040\000W\000M\0003\000:\000\040\000F\000i\000n\000d\000\040\000t\000h\000e\000\040\000r\000e\000d\000\040\000b\000a\000l\000l}{appendix.B}% 35
\BOOKMARK [2][-]{subsection.B.4}{\376\377\000B\000.\0004\000\040\000W\000M\0004\000:\000\040\000`\000`\000D\000o\000\040\000t\000h\000a\000t\000\040\000a\000g\000a\000i\000n\000'\000'}{appendix.B}% 36
\BOOKMARK [2][-]{subsection.B.5}{\376\377\000B\000.\0005\000\040\000W\000M\0006\000:\000\040\000W\000h\000o\000\040\000d\000o\000e\000s\000\040\000t\000h\000e\000\040\000t\000h\000i\000n\000k\000i\000n\000g\000?}{appendix.B}% 37
\BOOKMARK [2][-]{subsection.B.6}{\376\377\000B\000.\0006\000\040\000W\000M\0007\000:\000\040\000I\000t\000\040\000u\000s\000e\000d\000\040\000t\000o\000\040\000w\000o\000r\000k}{appendix.B}% 38
\BOOKMARK [2][-]{subsection.B.7}{\376\377\000B\000.\0007\000\040\000L\000E\000A\000R\000N\000:\000\040\000A\000f\000t\000e\000r\000\040\000t\000h\000e\000\040\000f\000i\000x}{appendix.B}% 39
\BOOKMARK [2][-]{subsection.B.8}{\376\377\000B\000.\0008\000\040\000W\000M\0005\000:\000\040\000V\000i\000g\000n\000e\000t\000t\000e\000:\000\040\000e\000a\000r\000l\000y\000\040\000s\000u\000c\000c\000e\000s\000s}{appendix.B}% 40
\BOOKMARK [2][-]{subsection.B.9}{\376\377\000B\000.\0009\000\040\000W\000M\0001\000:\000\040\000V\000i\000g\000n\000e\000t\000t\000e\000:\000\040\000t\000w\000o\000\040\000l\000a\000n\000g\000u\000a\000g\000e\000s}{appendix.B}% 41
